size (10, 10)
start (1, 1)
goal (8, 8)

item "Wooden Sword" {
    at (2, 3), (5, 7), (9, 2)
    message "Use wisely."
}

item "Magic Map" {
    at (3, 4), (6, 1)
    message "Reveals hidden secrets."
}

item "Golden Key" {
    at (4, 5), (7, 9)
    message "Opens locked doors."
}

item "Health Potion" {
    at (1, 8), (8, 3)
    message "Restores health."
}

obstacle {
    at (3, 3), (4, 4), (5, 5)
    requires "Wooden Sword", "Golden Key"
}

obstacle {
    at (6, 6), (7, 7)
    requires "Magic Map"
}

obstacle {
    at (2, 8), (8, 2)
    requires "Health Potion"
}

plugin edu.curtin.gameplugins.Teleport
plugin edu.curtin.gameplugins.Penalty
plugin edu.curtin.gameplugins.Reveal
plugin edu.curtin.gameplugins.Prize

script !{
move_count = 0

def on_player_move():
    global move_count
    move_count += 1
    print("Player moved! Total moves: " + str(move_count))

def on_item_acquired(item_name):
    print("Item acquired: " + str(item_name))

def on_menu_selected(plugin_name):
    print("Menu selected for plugin: " + str(plugin_name))

print("Script loaded successfully!")
}
